// 重构日志: e22e6d6c
// 重构日志: ff3728b5
// 同步 ID: 3e1c60d6 @ Wed Jul 15 17:38:54 UTC 2026
// 重构日志: 9aced95a
// 重构日志: 94caebb7
// 重构日志: fa21a6ac
// 同步 ID: b360b2eb @ Sat Jul 18 04:53:12 UTC 2026
// 同步 ID: 81b5d26c @ Sat Jul 18 07:26:26 UTC 2026
// 重构日志: 5cf62c78
// 重构日志: ad3cc966
// 同步 ID: 8b3d41c2 @ Sat Jul 18 13:22:03 UTC 2026
// 同步 ID: c2b90fac @ Sun Jul 19 05:44:16 UTC 2026
// 同步 ID: 84643b04 @ Sun Jul 19 12:02:43 UTC 2026
// 重构日志: a25390df
// 重构日志: 583d3554
// 重构日志: 431cf500
// 重构日志: b71a3bc1
// 重构日志: a9ae6195
// 重构日志: c244020b
// 重构日志: 25a00d20
// 重构日志: 4dc79a35
// 重构日志: 147da69a
// 重构日志: 70dd25e3
// 重构日志: c7c89651
// 同步 ID: 1078f453 @ Thu Jul 23 17:42:28 UTC 2026
// 重构日志: 401a8797
// 同步 ID: e832ed20 @ Sat Jul 25 13:12:33 UTC 2026
// 同步 ID: f0cf5884 @ Sat Jul 25 18:59:09 UTC 2026
// 重构日志: b08132f6
// 同步 ID: 73c69304 @ Sun Jul 26 19:05:39 UTC 2026
// 重构日志: 099cd6b1
// 重构日志: 6812d088
// 重构日志: 53a5e0cc
// 重构日志: 57ed4e77
